-- west build: generating a build system
Loading Zephyr default modules (Zephyr base (cached)).
-- Application: /Users/sirat/Source/embedded/zephyr/samples/drivers/biometrics/base-shared-workflow
-- CMake version: 4.4.2
-- Found Python3: /Users/sirat/Tools/zephyrproject/.venv/bin/python3.14 (found suitable version "3.14.7", minimum required is "3.12") found components: Interpreter
-- Cache files will be written to: /Users/sirat/Library/Caches/zephyr
-- Zephyr version: 4.4.99 (/Users/sirat/Source/embedded/zephyr)
-- Found west (found suitable version "1.5.0", minimum required is "0.14.0")
-- Board: weact_esp32s3_b, qualifiers: esp32s3/procpu
-- ZEPHYR_TOOLCHAIN_VARIANT not set, trying to locate Zephyr SDK
-- Found host-tools: zephyr 1.0.1 (/Users/sirat/Tools/zephyrproject/zephyr-sdk-1.0.1)
-- Found toolchain: zephyr 1.0.1 (/Users/sirat/Tools/zephyrproject/zephyr-sdk-1.0.1)
-- Found Dtc: /opt/homebrew/bin/dtc (found suitable version "1.8.1", minimum required is "1.4.6")
-- Found BOARD.dts: /Users/sirat/Source/embedded/zephyr/boards/weact/esp32s3_b/weact_esp32s3_b_procpu.dts
-- Found devicetree overlay: /Users/sirat/Source/embedded/zephyr/samples/drivers/biometrics/base-shared-workflow/profiles/ai10.overlay
-- Generated zephyr.dts: /Users/sirat/Source/embedded/zephyr/samples/drivers/biometrics/base-shared-workflow/build/ai10-shared-01/zephyr/zephyr.dts
-- Generated pickled edt: /Users/sirat/Source/embedded/zephyr/samples/drivers/biometrics/base-shared-workflow/build/ai10-shared-01/zephyr/edt.pickle
-- Generated devicetree_generated.h: /Users/sirat/Source/embedded/zephyr/samples/drivers/biometrics/base-shared-workflow/build/ai10-shared-01/zephyr/include/generated/zephyr/devicetree_generated.h
Parsing /Users/sirat/Source/embedded/zephyr/samples/drivers/biometrics/base-shared-workflow/Kconfig
Loaded configuration '/Users/sirat/Source/embedded/zephyr/boards/weact/esp32s3_b/weact_esp32s3_b_procpu_defconfig'
Merged configuration '/Users/sirat/Source/embedded/zephyr/samples/drivers/biometrics/base-shared-workflow/prj.conf'
Merged configuration '/Users/sirat/Source/embedded/zephyr/samples/drivers/biometrics/base-shared-workflow/profiles/ai10.conf'
Configuration saved to '/Users/sirat/Source/embedded/zephyr/samples/drivers/biometrics/base-shared-workflow/build/ai10-shared-01/zephyr/.config'
Kconfig header saved to '/Users/sirat/Source/embedded/zephyr/samples/drivers/biometrics/base-shared-workflow/build/ai10-shared-01/zephyr/include/generated/zephyr/autoconf.h'
-- Found Ccache: /opt/homebrew/bin/ccache (found suitable version "4.13.6", minimum required is "4.12")
-- Found GnuLd: /Users/sirat/Tools/zephyrproject/zephyr-sdk-1.0.1/gnu/xtensa-espressif_esp32s3_zephyr-elf/xtensa-espressif_esp32s3_zephyr-elf/bin/ld.bfd (found version "2.43.1")
-- The C compiler identification is GNU 14.3.0
-- The CXX compiler identification is GNU 14.3.0
-- The ASM compiler identification is GNU
-- Found assembler: /Users/sirat/Tools/zephyrproject/zephyr-sdk-1.0.1/gnu/xtensa-espressif_esp32s3_zephyr-elf/bin/xtensa-espressif_esp32s3_zephyr-elf-gcc
-- Espressif HAL path: /Users/sirat/Tools/zephyrproject/modules/hal/espressif
-- Image partition address: 0x0
-- Using ccache: /opt/homebrew/bin/ccache
-- Found gen_kobject_list: /Users/sirat/Source/embedded/zephyr/scripts/build/gen_kobject_list.py
-- Configuring done (8.5s)
-- Generating done (0.5s)
-- Build files have been written to: /Users/sirat/Source/embedded/zephyr/samples/drivers/biometrics/base-shared-workflow/build/ai10-shared-01
-- west build: building application
[1/287] Preparing syscall dependency handling

[2/287] Generating ../../../../include/generated/zephyr/core-isa-dM.h
[3/287] Generating ../../../../include/generated/xtensa_vectors.ld
[4/287] Generating ../../../../include/generated/zephyr/zsr.h
[5/287] Generating misc/generated/syscalls_subdirs.trigger
[6/287] Generating include/generated/zephyr/version.h
-- Zephyr version: 4.4.99 (/Users/sirat/Source/embedded/zephyr), build: v4.4.0-15982-ga22a1f470cca
[7/287] Generating misc/generated/syscalls.json, misc/generated/struct_tags.json
[8/287] Generating include/generated/device-api-sections.ld, include/generated/device-api-sections.cmake
[9/287] Generating include/generated/zephyr/syscall_dispatch.c, include/generated/zephyr/syscall_exports_llext.c, syscall_weakdefs_llext.c, include/generated/zephyr/syscall_list.h
[10/287] Generating include/generated/zephyr/driver-validation.h
[11/287] Generating include/generated/zephyr/kobj-types-enum.h, include/generated/zephyr/otype-to-str.h, include/generated/zephyr/otype-to-size.h
[12/287] Building C object zephyr/lib/heap/CMakeFiles/heap_constants.dir/heap_constants.c.obj
[13/287] Generating ../../include/generated/zephyr/heap_constants.h
[14/287] Building C object zephyr/CMakeFiles/offsets.dir/arch/xtensa/core/offsets/offsets.c.obj
[15/287] Generating include/generated/zephyr/offsets.h
[16/287] Building C object zephyr/arch/common/CMakeFiles/isr_tables.dir/isr_tables.c.obj
[17/287] Building C object zephyr/CMakeFiles/zephyr.dir/lib/heap/heap.c.obj
[18/287] Building C object zephyr/CMakeFiles/zephyr.dir/lib/os/clock.c.obj
[19/287] Building C object zephyr/CMakeFiles/zephyr.dir/lib/os/cbprintf_packaged.c.obj
[20/287] Building C object zephyr/CMakeFiles/zephyr.dir/lib/os/printk.c.obj
[21/287] Building C object zephyr/CMakeFiles/zephyr.dir/lib/libc/validate_libc.c.obj
[22/287] Building C object CMakeFiles/app.dir/src/main.c.obj
[23/287] Building C object zephyr/CMakeFiles/zephyr.dir/lib/os/assert.c.obj
[24/287] Building C object zephyr/CMakeFiles/zephyr.dir/lib/os/cbprintf_complete.c.obj
[25/287] Building C object zephyr/CMakeFiles/zephyr.dir/lib/os/mpsc_pbuf.c.obj
[26/287] Building C object zephyr/CMakeFiles/zephyr.dir/lib/os/boot_banner.c.obj
[27/287] Building C object zephyr/CMakeFiles/zephyr.dir/lib/utils/hex.c.obj
[28/287] Building C object zephyr/CMakeFiles/zephyr.dir/lib/utils/set.c.obj
[29/287] Building C object zephyr/CMakeFiles/zephyr.dir/lib/utils/dec.c.obj
[30/287] Building C object zephyr/CMakeFiles/zephyr.dir/lib/utils/rb.c.obj
[31/287] Building C object zephyr/CMakeFiles/zephyr.dir/lib/utils/timeutil.c.obj
[32/287] Building C object zephyr/CMakeFiles/zephyr.dir/lib/utils/bitmask.c.obj
[33/287] Building C object zephyr/CMakeFiles/zephyr.dir/lib/utils/bitarray.c.obj
[34/287] Building C object zephyr/CMakeFiles/zephyr.dir/lib/utils/onoff.c.obj
[35/287] Building C object zephyr/CMakeFiles/zephyr.dir/lib/utils/getopt/getopt.c.obj
[36/287] Building C object zephyr/CMakeFiles/zephyr.dir/lib/utils/getopt/getopt_common.c.obj
[37/287] Building C object zephyr/CMakeFiles/zephyr.dir/lib/utils/notify.c.obj
[38/287] Building C object zephyr/CMakeFiles/zephyr.dir/misc/generated/configs.c.obj
[39/287] Building C object zephyr/CMakeFiles/zephyr.dir/soc/espressif/common/loader.c.obj
[40/287] Building C object zephyr/CMakeFiles/zephyr.dir/soc/espressif/esp32s3/soc.c.obj
[41/287] Building C object zephyr/CMakeFiles/zephyr.dir/soc/espressif/common/instr_mem.c.obj
[42/287] Building C object zephyr/CMakeFiles/zephyr.dir/lib/word_granular_access/word_granular_access_string.c.obj
[43/287] Building C object zephyr/CMakeFiles/zephyr.dir/soc/espressif/esp32s3/esp32s3-mp.c.obj
[44/287] Building C object zephyr/CMakeFiles/zephyr.dir/subsys/logging/log_core.c.obj
[45/287] Building C object zephyr/CMakeFiles/zephyr.dir/soc/espressif/esp32s3/hw_init.c.obj
[46/287] Building C object zephyr/CMakeFiles/zephyr.dir/subsys/logging/log_mgmt.c.obj
[47/287] Building C object zephyr/CMakeFiles/zephyr.dir/subsys/shell/modules/kernel_service/kernel_shell.c.obj
[48/287] Building C object zephyr/CMakeFiles/zephyr.dir/subsys/logging/log_cache.c.obj
[49/287] Building C object zephyr/CMakeFiles/zephyr.dir/subsys/tracing/tracing_none.c.obj
[50/287] Building C object zephyr/CMakeFiles/zephyr.dir/subsys/logging/log_output.c.obj
[51/287] Building C object zephyr/CMakeFiles/zephyr.dir/subsys/shell/modules/kernel_service/sleep.c.obj
[52/287] Building C object zephyr/CMakeFiles/zephyr.dir/subsys/shell/modules/kernel_service/cycles.c.obj
[53/287] Building C object zephyr/CMakeFiles/zephyr.dir/subsys/logging/log_msg.c.obj
[54/287] Building C object zephyr/CMakeFiles/zephyr.dir/subsys/shell/modules/kernel_service/thread/thread.c.obj
[55/287] Building C object zephyr/CMakeFiles/zephyr.dir/subsys/shell/modules/kernel_service/version.c.obj
[56/287] Building C object zephyr/CMakeFiles/zephyr.dir/subsys/shell/modules/kernel_service/uptime.c.obj
[57/287] Building C object zephyr/CMakeFiles/zephyr.dir/subsys/shell/modules/kernel_service/thread/list.c.obj
[58/287] Building C object zephyr/CMakeFiles/zephyr.dir/subsys/shell/modules/kernel_service/thread/suspend.c.obj
[59/287] Building C object zephyr/CMakeFiles/zephyr.dir/subsys/shell/modules/date_service.c.obj
[60/287] Building C object zephyr/CMakeFiles/zephyr.dir/subsys/shell/modules/kernel_service/thread/stacks.c.obj
[61/287] Building C object zephyr/CMakeFiles/zephyr.dir/subsys/shell/shell_fprintf.c.obj
[62/287] Building C object zephyr/CMakeFiles/zephyr.dir/subsys/shell/modules/kernel_service/thread/resume.c.obj
[63/287] Building C object zephyr/CMakeFiles/zephyr.dir/subsys/shell/backends/shell_uart.c.obj
[64/287] Building C object zephyr/CMakeFiles/zephyr.dir/subsys/shell/modules/device_service.c.obj
[65/287] Building C object zephyr/CMakeFiles/zephyr.dir/subsys/shell/modules/devmem_service.c.obj
[66/287] Building C object zephyr/CMakeFiles/zephyr.dir/subsys/shell/shell.c.obj
[67/287] Building C object zephyr/CMakeFiles/zephyr.dir/subsys/shell/modules/kernel_service/thread/kill.c.obj
[68/287] Building C object zephyr/CMakeFiles/zephyr.dir/subsys/shell/shell_utils.c.obj
[69/287] Building C object zephyr/CMakeFiles/zephyr.dir/subsys/shell/shell_log_backend.c.obj
[70/287] Building C object zephyr/CMakeFiles/zephyr.dir/subsys/shell/shell_ops.c.obj
[71/287] Building C object zephyr/CMakeFiles/zephyr.dir/subsys/shell/shell_history.c.obj
[72/287] Building C object zephyr/CMakeFiles/zephyr.dir/subsys/shell/shell_wildcard.c.obj
[73/287] Building C object zephyr/CMakeFiles/zephyr.dir/subsys/shell/shell_help.c.obj
[74/287] Building C object zephyr/CMakeFiles/zephyr.dir/Users/sirat/Tools/zephyrproject/modules/hal/espressif/components/efuse/src/esp_efuse_api.c.obj
[75/287] Building C object zephyr/CMakeFiles/zephyr.dir/Users/sirat/Tools/zephyrproject/modules/hal/espressif/components/efuse/src/esp_efuse_utility.c.obj
[76/287] Building C object zephyr/CMakeFiles/zephyr.dir/Users/sirat/Tools/zephyrproject/modules/hal/espressif/components/efuse/src/esp_efuse_fields.c.obj
[77/287] Building C object zephyr/CMakeFiles/zephyr.dir/subsys/shell/shell_cmds.c.obj
[78/287] Building C object zephyr/CMakeFiles/zephyr.dir/Users/sirat/Tools/zephyrproject/modules/hal/espressif/components/esp_hw_support/esp_gpio_reserve.c.obj
[79/287] Building C object zephyr/CMakeFiles/zephyr.dir/Users/sirat/Tools/zephyrproject/modules/hal/espressif/components/efuse/esp32s3/esp_efuse_fields.c.obj
[80/287] Building C object zephyr/CMakeFiles/zephyr.dir/Users/sirat/Tools/zephyrproject/modules/hal/espressif/components/efuse/esp32s3/esp_efuse_table.c.obj
[81/287] Building C object zephyr/CMakeFiles/zephyr.dir/Users/sirat/Tools/zephyrproject/modules/hal/espressif/components/esp_hal_mspi/spi_flash_hal.c.obj
[82/287] Building C object zephyr/CMakeFiles/zephyr.dir/Users/sirat/Tools/zephyrproject/modules/hal/espressif/components/efuse/src/efuse_controller/keys/with_key_purposes/esp_efuse_api_key.c.obj
[83/287] Building C object zephyr/CMakeFiles/zephyr.dir/Users/sirat/Tools/zephyrproject/modules/hal/espressif/components/bootloader_support/src/flash_encrypt.c.obj
[84/287] Building C object zephyr/CMakeFiles/zephyr.dir/Users/sirat/Tools/zephyrproject/modules/hal/espressif/components/efuse/esp32s3/esp_efuse_utility.c.obj
[85/287] Building C object zephyr/CMakeFiles/zephyr.dir/Users/sirat/Tools/zephyrproject/modules/hal/espressif/components/esp_hal_mspi/spi_flash_hal_iram.c.obj
[86/287] Building C object zephyr/CMakeFiles/zephyr.dir/Users/sirat/Tools/zephyrproject/modules/hal/espressif/components/esp_hal_mspi/spi_flash_encrypt_hal_iram.c.obj
[87/287] Building C object zephyr/CMakeFiles/zephyr.dir/Users/sirat/Tools/zephyrproject/modules/hal/espressif/components/esp_hal_mspi/spi_flash_hal_gpspi.c.obj
[88/287] Building C object zephyr/CMakeFiles/zephyr.dir/Users/sirat/Tools/zephyrproject/modules/hal/espressif/components/spi_flash/flash_ops.c.obj
[89/287] Building C object zephyr/CMakeFiles/zephyr.dir/Users/sirat/Tools/zephyrproject/modules/hal/espressif/components/spi_flash/esp32s3/spi_flash_oct_flash_init.c.obj
[90/287] Building C object zephyr/CMakeFiles/zephyr.dir/Users/sirat/Tools/zephyrproject/modules/hal/espressif/components/spi_flash/spi_flash_chip_drivers.c.obj
[91/287] Building C object zephyr/CMakeFiles/zephyr.dir/Users/sirat/Tools/zephyrproject/modules/hal/espressif/components/spi_flash/spi_flash_chip_boya.c.obj
[92/287] Building C object zephyr/CMakeFiles/zephyr.dir/Users/sirat/Tools/zephyrproject/modules/hal/espressif/components/spi_flash/esp_flash_api.c.obj
[93/287] Building C object zephyr/CMakeFiles/zephyr.dir/Users/sirat/Tools/zephyrproject/modules/hal/espressif/components/spi_flash/esp_flash_spi_init.c.obj
[94/287] Building C object zephyr/CMakeFiles/zephyr.dir/Users/sirat/Tools/zephyrproject/modules/hal/espressif/components/spi_flash/flash_mmap.c.obj
[95/287] Building C object zephyr/CMakeFiles/zephyr.dir/Users/sirat/Tools/zephyrproject/modules/hal/espressif/components/spi_flash/spi_flash_chip_gd.c.obj
[96/287] Building C object zephyr/CMakeFiles/zephyr.dir/Users/sirat/Tools/zephyrproject/modules/hal/espressif/components/spi_flash/spi_flash_chip_generic.c.obj
[97/287] Building C object zephyr/CMakeFiles/zephyr.dir/Users/sirat/Tools/zephyrproject/modules/hal/espressif/components/spi_flash/spi_flash_chip_issi.c.obj
[98/287] Building C object zephyr/CMakeFiles/zephyr.dir/Users/sirat/Tools/zephyrproject/modules/hal/espressif/components/spi_flash/spi_flash_chip_th.c.obj
[99/287] Building C object zephyr/CMakeFiles/zephyr.dir/Users/sirat/Tools/zephyrproject/modules/hal/espressif/components/spi_flash/spi_flash_hpm_enable.c.obj
[100/287] Building C object zephyr/CMakeFiles/zephyr.dir/Users/sirat/Tools/zephyrproject/modules/hal/espressif/components/spi_flash/spi_flash_chip_winbond.c.obj
[101/287] Building C object zephyr/CMakeFiles/zephyr.dir/Users/sirat/Tools/zephyrproject/modules/hal/espressif/components/spi_flash/memspi_host_driver.c.obj
[102/287] Building C object zephyr/CMakeFiles/zephyr.dir/Users/sirat/Tools/zephyrproject/modules/hal/espressif/components/spi_flash/spi_flash_chip_mxic_opi.c.obj
[103/287] Building C object zephyr/CMakeFiles/zephyr.dir/Users/sirat/Tools/zephyrproject/modules/hal/espressif/components/spi_flash/spi_flash_chip_mxic.c.obj
[104/287] Building C object zephyr/CMakeFiles/zephyr.dir/Users/sirat/Tools/zephyrproject/modules/hal/espressif/components/spi_flash/spi_flash_wrap.c.obj
[105/287] Building C object zephyr/CMakeFiles/zephyr.dir/Users/sirat/Tools/zephyrproject/modules/hal/espressif/components/spi_flash/cache_utils.c.obj
[106/287] Building C object zephyr/CMakeFiles/zephyr.dir/Users/sirat/Tools/zephyrproject/modules/hal/espressif/components/spi_flash/spi_flash_os_func_noos.c.obj
[107/287] Building C object zephyr/CMakeFiles/zephyr.dir/Users/sirat/Tools/zephyrproject/modules/hal/espressif/components/spi_flash/spi_flash_os_func_app.c.obj
[108/287] Building C object zephyr/CMakeFiles/zephyr.dir/Users/sirat/Tools/zephyrproject/modules/hal/espressif/components/bootloader_support/src/bootloader_clock_init.c.obj
[109/287] Building C object zephyr/CMakeFiles/zephyr.dir/Users/sirat/Tools/zephyrproject/modules/hal/espressif/components/esp_hal_security/mpu_hal.c.obj
[110/287] Building C object zephyr/CMakeFiles/zephyr.dir/Users/sirat/Tools/zephyrproject/modules/hal/espressif/components/esp_hal_uart/uart_hal_iram.c.obj
[111/287] Building C object zephyr/CMakeFiles/zephyr.dir/Users/sirat/Tools/zephyrproject/modules/hal/espressif/components/esp_hal_uart/uart_hal.c.obj
[112/287] Building C object zephyr/CMakeFiles/zephyr.dir/Users/sirat/Tools/zephyrproject/modules/hal/espressif/components/bootloader_support/bootloader_flash/src/flash_qio_mode.c.obj
[113/287] Building C object zephyr/CMakeFiles/zephyr.dir/Users/sirat/Tools/zephyrproject/modules/hal/espressif/zephyr/common/console_init.c.obj
[114/287] Building C object zephyr/CMakeFiles/zephyr.dir/Users/sirat/Tools/zephyrproject/modules/hal/espressif/zephyr/common/soc_init.c.obj
[115/287] Building C object zephyr/CMakeFiles/zephyr.dir/Users/sirat/Tools/zephyrproject/modules/hal/espressif/components/esp_driver_gpio/src/rtc_io.c.obj
[116/287] Building C object zephyr/CMakeFiles/zephyr.dir/Users/sirat/Tools/zephyrproject/modules/hal/espressif/components/bootloader_support/bootloader_flash/src/bootloader_flash_config_esp32s3.c.obj
[117/287] Building C object zephyr/CMakeFiles/zephyr.dir/Users/sirat/Tools/zephyrproject/modules/hal/espressif/components/esp_hal_ana_conv/esp32s3/temperature_sensor_periph.c.obj
[118/287] Building C object zephyr/CMakeFiles/zephyr.dir/Users/sirat/Tools/zephyrproject/modules/hal/espressif/components/esp_hal_ana_conv/temperature_sensor_hal.c.obj
[119/287] Building C object zephyr/CMakeFiles/zephyr.dir/Users/sirat/Tools/zephyrproject/modules/hal/espressif/components/esp_hal_clock/esp32s3/clk_tree_hal.c.obj
[120/287] Building C object zephyr/CMakeFiles/zephyr.dir/Users/sirat/Tools/zephyrproject/modules/hal/espressif/components/esp_hal_gpio/rtc_io_hal.c.obj
[121/287] Building C object zephyr/CMakeFiles/zephyr.dir/Users/sirat/Tools/zephyrproject/modules/hal/espressif/components/esp_hal_systimer/systimer_hal.c.obj
[122/287] Building C object zephyr/CMakeFiles/zephyr.dir/Users/sirat/Tools/zephyrproject/modules/hal/espressif/components/esp_hal_wdt/xt_wdt_hal.c.obj
[123/287] Building C object zephyr/CMakeFiles/zephyr.dir/Users/sirat/Tools/zephyrproject/modules/hal/espressif/components/esp_hal_gpio/esp32s3/rtc_io_periph.c.obj
[124/287] Building C object zephyr/CMakeFiles/zephyr.dir/Users/sirat/Tools/zephyrproject/modules/hal/espressif/components/esp_hal_wdt/wdt_hal_iram.c.obj
[125/287] Building C object zephyr/CMakeFiles/zephyr.dir/Users/sirat/Tools/zephyrproject/modules/hal/espressif/components/esp_hw_support/adc_share_hw_ctrl.c.obj
[126/287] Building C object zephyr/CMakeFiles/zephyr.dir/Users/sirat/Tools/zephyrproject/modules/hal/espressif/components/esp_hw_support/cpu.c.obj
[127/287] Building C object zephyr/CMakeFiles/zephyr.dir/Users/sirat/Tools/zephyrproject/modules/hal/espressif/components/esp_hw_support/clk_ctrl_os.c.obj
[128/287] Building C object zephyr/CMakeFiles/zephyr.dir/Users/sirat/Tools/zephyrproject/modules/hal/espressif/components/esp_hw_support/esp_clk.c.obj
[129/287] Building C object zephyr/CMakeFiles/zephyr.dir/Users/sirat/Tools/zephyrproject/modules/hal/espressif/components/esp_hw_support/esp_memory_utils.c.obj
[130/287] Building C object zephyr/CMakeFiles/zephyr.dir/Users/sirat/Tools/zephyrproject/modules/hal/espressif/components/esp_hw_support/mspi/mspi_timing_tuning/mspi_timing_tuning.c.obj
[131/287] Building C object zephyr/CMakeFiles/zephyr.dir/Users/sirat/Tools/zephyrproject/modules/hal/espressif/components/esp_hw_support/hw_random.c.obj
[132/287] Building C object zephyr/CMakeFiles/zephyr.dir/Users/sirat/Tools/zephyrproject/modules/hal/espressif/components/esp_hw_support/mspi/mspi_timing_tuning/port/esp32s3/mspi_timing_config.c.obj
[133/287] Building C object zephyr/CMakeFiles/zephyr.dir/Users/sirat/Tools/zephyrproject/modules/hal/espressif/components/esp_hw_support/mac_addr.c.obj
[134/287] Building C object zephyr/CMakeFiles/zephyr.dir/Users/sirat/Tools/zephyrproject/modules/hal/espressif/components/esp_hw_support/periph_ctrl.c.obj
[135/287] Building C object zephyr/CMakeFiles/zephyr.dir/Users/sirat/Tools/zephyrproject/modules/hal/espressif/components/esp_hw_support/port/esp32s3/cpu_region_protect.c.obj
[136/287] Building C object zephyr/CMakeFiles/zephyr.dir/Users/sirat/Tools/zephyrproject/modules/hal/espressif/components/esp_hw_support/mspi/mspi_timing_tuning/port/esp32s3/mspi_timing_by_mspi_delay.c.obj
[137/287] Building C object zephyr/CMakeFiles/zephyr.dir/Users/sirat/Tools/zephyrproject/modules/hal/espressif/components/esp_hw_support/port/esp32s3/esp_clk_tree.c.obj
[138/287] Building C object zephyr/CMakeFiles/zephyr.dir/Users/sirat/Tools/zephyrproject/modules/hal/espressif/components/esp_hw_support/port/esp32s3/esp_cpu_intr.c.obj
[139/287] Building C object zephyr/CMakeFiles/zephyr.dir/Users/sirat/Tools/zephyrproject/modules/hal/espressif/components/esp_hw_support/port/esp32s3/rtc_time.c.obj
[140/287] Building C object zephyr/CMakeFiles/zephyr.dir/Users/sirat/Tools/zephyrproject/modules/hal/espressif/components/esp_hw_support/port/esp32s3/rtc_clk.c.obj
[141/287] Building C object zephyr/CMakeFiles/zephyr.dir/Users/sirat/Tools/zephyrproject/modules/hal/espressif/components/esp_hw_support/port/esp32s3/sar_periph_ctrl.c.obj
[142/287] Building C object zephyr/CMakeFiles/zephyr.dir/Users/sirat/Tools/zephyrproject/modules/hal/espressif/components/esp_hw_support/port/esp32s3/rtc_clk_init.c.obj
[143/287] Building C object zephyr/CMakeFiles/zephyr.dir/Users/sirat/Tools/zephyrproject/modules/hal/espressif/components/esp_hw_support/port/esp32s3/rtc_init.c.obj
[144/287] Building C object zephyr/CMakeFiles/zephyr.dir/Users/sirat/Tools/zephyrproject/modules/hal/espressif/components/esp_hw_support/port/esp32s3/rtc_sleep.c.obj
[145/287] Building C object zephyr/CMakeFiles/zephyr.dir/Users/sirat/Tools/zephyrproject/modules/hal/espressif/components/esp_hw_support/port/esp32s3/systimer.c.obj
[146/287] Building C object zephyr/CMakeFiles/zephyr.dir/Users/sirat/Tools/zephyrproject/modules/hal/espressif/components/esp_hw_support/port/esp32s3/io_mux.c.obj
[147/287] Building C object zephyr/CMakeFiles/zephyr.dir/Users/sirat/Tools/zephyrproject/modules/hal/espressif/components/esp_hw_support/port/esp_clk_tree_common.c.obj
[148/287] Building C object zephyr/CMakeFiles/zephyr.dir/Users/sirat/Tools/zephyrproject/modules/hal/espressif/components/esp_hw_support/regi2c_ctrl.c.obj
[149/287] Building C object zephyr/CMakeFiles/zephyr.dir/Users/sirat/Tools/zephyrproject/modules/hal/espressif/components/esp_hal_ana_conv/adc_hal_common.c.obj
[150/287] Building C object zephyr/CMakeFiles/zephyr.dir/Users/sirat/Tools/zephyrproject/modules/hal/espressif/components/esp_hw_support/rtc_module.c.obj
[151/287] Building C object zephyr/CMakeFiles/zephyr.dir/Users/sirat/Tools/zephyrproject/modules/hal/espressif/components/esp_hw_support/sar_periph_ctrl_common.c.obj
[152/287] Building C object zephyr/CMakeFiles/zephyr.dir/Users/sirat/Tools/zephyrproject/modules/hal/espressif/components/esp_hw_support/sar_tsens_ctrl.c.obj
[153/287] Building ASM object zephyr/CMakeFiles/zephyr.dir/Users/sirat/Tools/zephyrproject/modules/hal/espressif/components/esp_rom/patches/esp_rom_cache_writeback_esp32s3.S.obj
[154/287] Building C object zephyr/CMakeFiles/zephyr.dir/Users/sirat/Tools/zephyrproject/modules/hal/espressif/components/esp_hw_support/sleep_cache.c.obj
[155/287] Building C object zephyr/CMakeFiles/zephyr.dir/Users/sirat/Tools/zephyrproject/modules/hal/espressif/components/esp_mm/esp_cache_utils.c.obj
[156/287] Building C object zephyr/CMakeFiles/zephyr.dir/Users/sirat/Tools/zephyrproject/modules/hal/espressif/components/esp_hw_support/sleep_modes.c.obj
[157/287] Building C object zephyr/CMakeFiles/zephyr.dir/Users/sirat/Tools/zephyrproject/modules/hal/espressif/components/esp_mm/esp_mmu_map.c.obj
[158/287] Building ASM object zephyr/CMakeFiles/zephyr.dir/Users/sirat/Tools/zephyrproject/modules/hal/espressif/components/esp_rom/patches/esp_rom_longjmp.S.obj
[159/287] Building C object zephyr/CMakeFiles/zephyr.dir/Users/sirat/Tools/zephyrproject/modules/hal/espressif/components/esp_mm/port/esp32s3/ext_mem_layout.c.obj
[160/287] Building C object zephyr/CMakeFiles/zephyr.dir/Users/sirat/Tools/zephyrproject/modules/hal/espressif/components/esp_mm/esp_cache_msync.c.obj
[161/287] Building C object zephyr/CMakeFiles/zephyr.dir/Users/sirat/Tools/zephyrproject/modules/hal/espressif/components/esp_rom/patches/esp_rom_cache_esp32s2_esp32s3.c.obj
[162/287] Building C object zephyr/CMakeFiles/zephyr.dir/Users/sirat/Tools/zephyrproject/modules/hal/espressif/components/esp_rom/patches/esp_rom_efuse.c.obj
[163/287] Building C object zephyr/CMakeFiles/zephyr.dir/Users/sirat/Tools/zephyrproject/modules/hal/espressif/components/esp_rom/patches/esp_rom_crc.c.obj
[164/287] Building C object zephyr/CMakeFiles/zephyr.dir/Users/sirat/Tools/zephyrproject/modules/hal/espressif/components/esp_rom/patches/esp_rom_gpio.c.obj
[165/287] Building C object zephyr/CMakeFiles/zephyr.dir/Users/sirat/Tools/zephyrproject/modules/hal/espressif/components/esp_rom/patches/esp_rom_print.c.obj
[166/287] Building C object zephyr/CMakeFiles/zephyr.dir/Users/sirat/Tools/zephyrproject/modules/hal/espressif/components/esp_rom/patches/esp_rom_spiflash.c.obj
[167/287] Building C object zephyr/CMakeFiles/zephyr.dir/Users/sirat/Tools/zephyrproject/modules/hal/espressif/components/esp_rom/patches/esp_rom_sys.c.obj
[168/287] Building C object zephyr/CMakeFiles/zephyr.dir/Users/sirat/Tools/zephyrproject/modules/hal/espressif/components/esp_system/esp_err.c.obj
[169/287] Building C object zephyr/CMakeFiles/zephyr.dir/Users/sirat/Tools/zephyrproject/modules/hal/espressif/components/esp_system/port/soc/esp32s3/reset_reason.c.obj
[170/287] Building C object zephyr/CMakeFiles/zephyr.dir/Users/sirat/Tools/zephyrproject/modules/hal/espressif/components/esp_system/port/soc/esp32s3/clk.c.obj
[171/287] Building C object zephyr/CMakeFiles/zephyr.dir/Users/sirat/Tools/zephyrproject/modules/hal/espressif/components/esp_rom/patches/esp_rom_serial_output.c.obj
[172/287] Building C object zephyr/CMakeFiles/zephyr.dir/Users/sirat/Tools/zephyrproject/modules/hal/espressif/components/esp_system/port/soc/esp32s3/system_internal.c.obj
[173/287] Building C object zephyr/CMakeFiles/zephyr.dir/Users/sirat/Tools/zephyrproject/modules/hal/espressif/components/esp_timer/src/esp_timer.c.obj
[174/287] Building C object zephyr/CMakeFiles/zephyr.dir/Users/sirat/Tools/zephyrproject/modules/hal/espressif/components/esp_timer/src/esp_timer_impl_systimer.c.obj
[175/287] Building C object zephyr/CMakeFiles/zephyr.dir/Users/sirat/Tools/zephyrproject/modules/hal/espressif/components/esp_timer/src/esp_timer_impl_common.c.obj
[176/287] Building C object zephyr/CMakeFiles/zephyr.dir/Users/sirat/Tools/zephyrproject/modules/hal/espressif/components/esp_timer/src/ets_timer_legacy.c.obj
[177/287] Building C object zephyr/CMakeFiles/zephyr.dir/Users/sirat/Tools/zephyrproject/modules/hal/espressif/components/hal/cache_hal.c.obj
[178/287] Building C object zephyr/CMakeFiles/zephyr.dir/Users/sirat/Tools/zephyrproject/modules/hal/espressif/components/esp_timer/src/esp_timer_init.c.obj
[179/287] Building C object zephyr/CMakeFiles/zephyr.dir/Users/sirat/Tools/zephyrproject/modules/hal/espressif/components/hal/efuse_hal.c.obj
[180/287] Building C object zephyr/CMakeFiles/zephyr.dir/Users/sirat/Tools/zephyrproject/modules/hal/espressif/components/hal/esp32s3/efuse_hal.c.obj
[181/287] Building C object zephyr/CMakeFiles/zephyr.dir/Users/sirat/Tools/zephyrproject/modules/hal/espressif/components/hal/mmu_hal.c.obj
[182/287] Building C object zephyr/CMakeFiles/zephyr.dir/Users/sirat/Tools/zephyrproject/modules/hal/espressif/zephyr/port/heap/heap_caps_zephyr.c.obj
[183/287] Building C object zephyr/CMakeFiles/zephyr.dir/Users/sirat/Tools/zephyrproject/modules/hal/espressif/zephyr/port/bootloader/bootloader_flash.c.obj
[184/287] Building C object zephyr/CMakeFiles/zephyr.dir/Users/sirat/Tools/zephyrproject/modules/hal/espressif/zephyr/esp32s3/src/soc_flash_init.c.obj
[185/287] Building C object zephyr/CMakeFiles/zephyr.dir/Users/sirat/Tools/zephyrproject/modules/hal/espressif/components/soc/esp32s3/gpio_periph.c.obj
[186/287] Building C object zephyr/CMakeFiles/zephyr.dir/Users/sirat/Tools/zephyrproject/modules/hal/espressif/zephyr/common/flash_init.c.obj
[187/287] Building C object zephyr/CMakeFiles/zephyr.dir/Users/sirat/Tools/zephyrproject/modules/hal/espressif/zephyr/common/esp_restart.c.obj
[188/287] Generating linker_zephyr_pre0.cmd
[189/287] Linking C static library zephyr/arch/common/libisr_tables.a
[190/287] Building C object zephyr/CMakeFiles/zephyr.dir/kernel/sys/sem.c.obj
[191/287] Building C object zephyr/CMakeFiles/zephyr.dir/Users/sirat/Tools/zephyrproject/modules/hal/espressif/zephyr/esp32s3/src/soc_random.c.obj
[192/287] Building C object zephyr/CMakeFiles/zephyr.dir/Users/sirat/Tools/zephyrproject/modules/hal/espressif/zephyr/esp32s3/src/soc_init.c.obj
[193/287] Building C object zephyr/CMakeFiles/zephyr.dir/kernel/sys/thread_entry.c.obj
[194/287] Building ASM object zephyr/arch/arch/xtensa/core/CMakeFiles/arch__xtensa__core.dir/window_vectors.S.obj
[195/287] Building ASM object zephyr/arch/arch/xtensa/core/CMakeFiles/arch__xtensa__core.dir/xtensa_asm2_util.S.obj
[196/287] Building C object zephyr/arch/common/CMakeFiles/arch__common.dir/instr_mem.c.obj
[197/287] Building C object zephyr/arch/common/CMakeFiles/arch__common.dir/sw_isr_common.c.obj
[198/287] Building C object zephyr/arch/common/CMakeFiles/arch__common.dir/dynamic_isr.c.obj
[199/287] Building C object zephyr/arch/arch/xtensa/core/CMakeFiles/arch__xtensa__core.dir/fatal.c.obj
[200/287] Building C object zephyr/arch/arch/xtensa/core/CMakeFiles/arch__xtensa__core.dir/cpu_idle.c.obj
[201/287] Building C object zephyr/arch/arch/xtensa/core/CMakeFiles/arch__xtensa__core.dir/irq_manage.c.obj
[202/287] Building C object zephyr/arch/arch/xtensa/core/CMakeFiles/arch__xtensa__core.dir/instr_mem.c.obj
[203/287] Building C object zephyr/arch/arch/xtensa/core/CMakeFiles/arch__xtensa__core.dir/thread.c.obj
[204/287] Building C object zephyr/arch/common/CMakeFiles/arch__common.dir/init.c.obj
[205/287] Building C object zephyr/arch/arch/xtensa/core/CMakeFiles/arch__xtensa__core.dir/vector_handlers.c.obj
[206/287] Building C object zephyr/arch/arch/xtensa/core/CMakeFiles/arch__xtensa__core.dir/prep_c.c.obj
[207/287] Building C object zephyr/lib/libc/picolibc/CMakeFiles/lib__libc__picolibc.dir/cbprintf.c.obj
[208/287] Building C object zephyr/lib/libc/picolibc/CMakeFiles/lib__libc__picolibc.dir/assert.c.obj
[209/287] Building C object zephyr/lib/libc/picolibc/CMakeFiles/lib__libc__picolibc.dir/chk_fail.c.obj
[210/287] Building C object zephyr/lib/libc/picolibc/CMakeFiles/lib__libc__picolibc.dir/exit.c.obj
[211/287] Building C object zephyr/lib/libc/picolibc/CMakeFiles/lib__libc__picolibc.dir/errno_wrap.c.obj
[212/287] Building C object zephyr/lib/libc/picolibc/CMakeFiles/lib__libc__picolibc.dir/stdio.c.obj
[213/287] Building C object zephyr/lib/libc/picolibc/CMakeFiles/lib__libc__picolibc.dir/locks.c.obj
[214/287] Building C object zephyr/lib/libc/common/CMakeFiles/lib__libc__common.dir/source/stdlib/malloc.c.obj
[215/287] Building C object zephyr/lib/libc/common/CMakeFiles/lib__libc__common.dir/source/time/time.c.obj
[216/287] Building C object zephyr/subsys/portability/posix/c_lib_ext/CMakeFiles/subsys__portability__posix__c_lib_ext.dir/getopt_shim.c.obj
[217/287] Building C object zephyr/lib/libc/common/CMakeFiles/lib__libc__common.dir/source/errno/errno.c.obj
[218/287] Building C object zephyr/drivers/interrupt_controller/CMakeFiles/drivers__interrupt_controller.dir/intc_esp32.c.obj
[219/287] Building C object zephyr/subsys/portability/posix/c_lib_ext/CMakeFiles/subsys__portability__posix__c_lib_ext.dir/getentropy.c.obj
[220/287] Building C object zephyr/subsys/portability/posix/c_lib_ext/CMakeFiles/subsys__portability__posix__c_lib_ext.dir/fnmatch.c.obj
[221/287] Building C object zephyr/lib/libc/common/CMakeFiles/lib__libc__common.dir/source/stdlib/abort.c.obj
[222/287] Building C object zephyr/drivers/cache/CMakeFiles/drivers__cache.dir/cache_esp32.c.obj
[223/287] Building C object zephyr/drivers/clock_control/CMakeFiles/drivers__clock_control.dir/clock_control_esp32_rtc_cntl.c.obj
[224/287] Building C object zephyr/drivers/clock_control/CMakeFiles/drivers__clock_control.dir/clock_control_esp32.c.obj
[225/287] Building C object zephyr/drivers/pinctrl/CMakeFiles/drivers__pinctrl.dir/common.c.obj
[226/287] Building C object zephyr/drivers/biometrics/CMakeFiles/drivers__biometrics.dir/biometrics_ai10.c.obj
[227/287] Building C object zephyr/drivers/serial/CMakeFiles/drivers__serial.dir/uart_esp32.c.obj
[228/287] Building C object zephyr/drivers/timer/CMakeFiles/drivers__timer.dir/sys_clock_init.c.obj
[229/287] Building C object zephyr/drivers/console/CMakeFiles/drivers__console.dir/uart_console.c.obj
[230/287] Building C object zephyr/drivers/timer/CMakeFiles/drivers__timer.dir/xtensa_sys_timer.c.obj
[231/287] Building C object zephyr/drivers/pinctrl/CMakeFiles/drivers__pinctrl.dir/pinctrl_esp32.c.obj
[232/287] Building C object zephyr/drivers/gpio/CMakeFiles/drivers__gpio.dir/gpio_esp32.c.obj
[233/287] Building C object zephyr/kernel/CMakeFiles/kernel.dir/fatal.c.obj
[234/287] Building C object zephyr/kernel/CMakeFiles/kernel.dir/device.c.obj
[235/287] Building C object zephyr/kernel/CMakeFiles/kernel.dir/kheap.c.obj
[236/287] Building C object zephyr/kernel/CMakeFiles/kernel.dir/mem_slab.c.obj
[237/287] Building C object zephyr/kernel/CMakeFiles/kernel.dir/busy_wait.c.obj
[238/287] Building C object zephyr/kernel/CMakeFiles/kernel.dir/main_weak.c.obj
[239/287] Building C object zephyr/kernel/CMakeFiles/kernel.dir/version.c.obj
[240/287] Building C object zephyr/kernel/CMakeFiles/kernel.dir/float.c.obj
[241/287] Building C object zephyr/kernel/CMakeFiles/kernel.dir/mailbox.c.obj
[242/287] Building C object zephyr/kernel/CMakeFiles/kernel.dir/idle.c.obj
[243/287] Building C object zephyr/kernel/CMakeFiles/kernel.dir/init.c.obj
[244/287] Building C object zephyr/kernel/CMakeFiles/kernel.dir/stack.c.obj
[245/287] Building C object zephyr/kernel/CMakeFiles/kernel.dir/msg_q.c.obj
[246/287] Building C object zephyr/kernel/CMakeFiles/kernel.dir/mutex.c.obj
[247/287] Building C object zephyr/kernel/CMakeFiles/kernel.dir/queue.c.obj
[248/287] Building C object zephyr/kernel/CMakeFiles/kernel.dir/sem.c.obj
[249/287] Building C object zephyr/kernel/CMakeFiles/kernel.dir/work.c.obj
[250/287] Building C object zephyr/kernel/CMakeFiles/kernel.dir/condvar.c.obj
[251/287] Building C object zephyr/kernel/CMakeFiles/kernel.dir/system_work_q.c.obj
[252/287] Building C object zephyr/kernel/CMakeFiles/kernel.dir/thread.c.obj
[253/287] Building C object zephyr/kernel/CMakeFiles/kernel.dir/pipe.c.obj
[254/287] Building C object zephyr/kernel/CMakeFiles/kernel.dir/sleep.c.obj
[255/287] Building C object zephyr/kernel/CMakeFiles/kernel.dir/sched.c.obj
[256/287] Linking C static library app/libapp.a
[257/287] Building C object zephyr/kernel/CMakeFiles/kernel.dir/scheduler.c.obj
[258/287] Building C object zephyr/kernel/CMakeFiles/kernel.dir/thread_monitor.c.obj
[259/287] Building C object zephyr/kernel/CMakeFiles/kernel.dir/timer.c.obj
[260/287] Linking C static library zephyr/arch/common/libarch__common.a
[261/287] Linking C static library zephyr/libzephyr.a
[262/287] Building C object zephyr/kernel/CMakeFiles/kernel.dir/events.c.obj
[263/287] Linking C static library zephyr/arch/arch/xtensa/core/libarch__xtensa__core.a
[264/287] Building C object zephyr/kernel/CMakeFiles/kernel.dir/timeout.c.obj
[265/287] Linking C static library zephyr/lib/libc/picolibc/liblib__libc__picolibc.a
[266/287] Building C object zephyr/kernel/CMakeFiles/kernel.dir/timeslicing.c.obj
[267/287] Linking C static library zephyr/lib/libc/common/liblib__libc__common.a
[268/287] Building C object zephyr/CMakeFiles/zephyr_pre0.dir/misc/empty_file.c.obj
[269/287] Building C object zephyr/kernel/CMakeFiles/kernel.dir/mempool.c.obj
[270/287] Linking C static library zephyr/drivers/interrupt_controller/libdrivers__interrupt_controller.a
[271/287] Linking C static library zephyr/subsys/portability/posix/c_lib_ext/libsubsys__portability__posix__c_lib_ext.a
[272/287] Building C object zephyr/kernel/CMakeFiles/kernel.dir/dynamic_disabled.c.obj
[273/287] Linking C static library zephyr/drivers/biometrics/libdrivers__biometrics.a
[274/287] Linking C static library zephyr/drivers/cache/libdrivers__cache.a
[275/287] Linking C static library zephyr/drivers/clock_control/libdrivers__clock_control.a
[276/287] Linking C static library zephyr/drivers/console/libdrivers__console.a
[277/287] Linking C static library zephyr/drivers/gpio/libdrivers__gpio.a
[278/287] Linking C static library zephyr/drivers/serial/libdrivers__serial.a
[279/287] Linking C static library zephyr/drivers/pinctrl/libdrivers__pinctrl.a
[280/287] Linking C static library zephyr/drivers/timer/libdrivers__timer.a
[281/287] Linking C static library zephyr/kernel/libkernel.a
[282/287] Linking C executable zephyr/zephyr_pre0.elf; Logical command for additional byproducts on target: zephyr_pre0
[283/287] Generating linker.cmd
[284/287] Generating isr_tables.c, isr_tables_vt.ld, isr_tables_swi.ld
[285/287] Building C object zephyr/CMakeFiles/zephyr_final.dir/misc/empty_file.c.obj
[286/287] Building C object zephyr/CMakeFiles/zephyr_final.dir/isr_tables.c.obj
[287/287] Linking C executable zephyr/zephyr.elf
Memory region         Used Size  Region Size  %age Used
           FLASH:      144420 B   16776960 B      0.86%
     iram0_0_seg:       48816 B     415492 B     11.75%
     dram0_0_seg:       80520 B     399108 B     20.17%
     irom0_0_seg:       48144 B        32 MB      0.14%
     drom0_0_seg:       78884 B        32 MB      0.24%
    rtc_iram_seg:           0 B       8168 B      0.00%
rtc_reserved_seg:           0 B         24 B      0.00%
    rtc_slow_seg:          36 B         8 KB      0.44%
        IDT_LIST:           0 B         8 KB      0.00%
Generating files from /Users/sirat/Source/embedded/zephyr/samples/drivers/biometrics/base-shared-workflow/build/ai10-shared-01/zephyr/zephyr.elf for board: weact_esp32s3_b/esp32s3/procpu
esptool v5.1.0
Creating ESP32S3 image...
Image has only RAM segments visible. ROM segments are hidden and SHA256 digest is not appended.
Note: Inserting 4 bytes padding between shell_dynamic_subcmds_area and .flash.rodata_end
Merged 21 ELF sections.
Successfully created ESP32S3 image.
