ESP-ROM:esp32s3-20210327
Build:Mar 27 2021
rst:0x1 (POWERON),boot:0x8 (SPI_FAST_FLASH_BOOT)
SPIWP:0xee
mode:DIO, clock div:1
load:0x3fc8feb0,len:0x20fc
load:0x40374000,len:0xbea0
load:0x50000000,len:0x24
SHA-256 comparison failed:
Calculated: 4dcba9a7b13a9cf58aa5be0567bc5e6a7ff1cf137432e68257ef74474ff01c73
Expected: 00000000f01f0000000000000000000000000000000000000000000000000000
Attempting to boot anyway...
entry 0x40379ec4
I (soc_init): ESP Simple boot
I (soc_init): compile time Sep 25 2026 04:02:37
W (soc_init): Unicore bootloader
I (soc_init): chip revision: v0.2
I (flash_init): Boot SPI Speed : 80MHz
I (flash_init): SPI Mode       : DIO
I (flash_init): SPI Flash Size : 16MB
I (boot): DRAM	: lma=00000020h vma=3fc8feb0h size=020fch (  8444)
I (boot): IRAM	: lma=00002124h vma=40374000h size=0bea0h ( 48800)
I (boot): RTC_DATA	: lma=0000dfcch vma=50000000h size=00024h (    36)
I (boot): IROM	: lma=00010000h vma=42000000h size=0bc10h ( 48144)
I (boot): DROM	: lma=00020000h vma=3c010000h size=03424h ( 13348)
I (boot): libc heap size 311 kB.
I (cache): Instruction cache: size 16KB, 8Ways, cache line size 32Byte
I (spi_flash): detected chip: winbond
I (spi_flash): flash io: dio
[m
[1;32muart:~$ [m[8D[J*** Booting Zephyr OS build v4.4.0-15982-ga22a1f470cca ***
[1;32muart:~$ [m[8D[J[1;32muart:~$ [mbase run palm
BASE,1,3662,begin,ai10-shared-01,1,16
BASE,2,3666,caps,20,2000,0,3,1
BASE,3,3736,inventory,baseline,0,0
BASE,4,3738,idle,0
BASE,5,3739,phase,interruption
Recovery test: KEEP FACE AND PALM OUT OF VIEW. Cancellation in 5 seconds.
BASE,6,8749,start_managed,0
BASE,7,13774,stop,0
BASE,8,13775,event,4,-140,13774
BASE,9,13778,idle,0
BASE,10,13780,recovery_operation,0
BASE,11,13958,inventory,after_interrupt,0,0
BASE,12,13961,interrupted_inventory_equal,1
BASE,13,14022,inventory,recovery_cleanup,0,0
BASE,14,14086,inventory,restored,0,0
BASE,15,14088,restoration,recovery_cleanup,0
BASE,16,14092,recovery,0
BASE,17,14094,phase,successful_workflow
Enrollment begins in 5 seconds. Use a finger/face/palm NOT already enrolled.
BASE,18,19105,start_managed,0
BASE,19,25850,event,2,0,25850
BASE,20,25851,enrolled,1001,16
BASE,21,25961,event,4,0,25961
BASE,22,25962,idle,0
BASE,23,25964,enrollment,0,1001
BASE,24,26028,inventory,after_enrollment,0,1
BASE,25,26031,id,after_enrollment,1001
Identification begins in 3 seconds. Present the newly enrolled sample.
BASE,26,29708,identify,0,1001,16,0
BASE,27,29775,inventory,final_cleanup,0,1
BASE,28,29778,id,final_cleanup,1001
BASE,29,30063,delete_new,1001,0
BASE,30,30129,inventory,restored,0,0
BASE,31,30131,restoration,final_cleanup,0
BASE,32,30135,end,PASS,0
[1;32muart:~$ [m