ESP-ROM:esp32s3-20210327
Build:Mar 27 2021
rst:0x1 (POWERON),boot:0x8 (SPI_FAST_FLASH_BOOT)
SPIWP:0xee
mode:DIO, clock div:1
load:0x3fc8fe60,len:0x2108
load:0x40374000,len:0xbe4c
load:0x50000000,len:0x24
SHA-256 comparison failed:
Calculated: 1b3c4cec565f9454a85792c6d44a13b8316bd84cce69f2a10e6c3851f14c1a2b
Expected: 0000000040200000000000000000000000000000000000000000000000000000
Attempting to boot anyway...
entry 0x40379e70
I (soc_init): ESP Simple boot
I (soc_init): compile time Sep 25 2026 03:41:35
W (soc_init): Unicore bootloader
I (soc_init): chip revision: v0.2
I (flash_init): Boot SPI Speed : 80MHz
I (flash_init): SPI Mode       : DIO
I (flash_init): SPI Flash Size : 16MB
I (boot): DRAM	: lma=00000020h vma=3fc8fe60h size=02108h (  8456)
I (boot): IRAM	: lma=00002130h vma=40374000h size=0be4ch ( 48716)
I (boot): RTC_DATA	: lma=0000df84h vma=50000000h size=00024h (    36)
I (boot): IROM	: lma=00010000h vma=42000000h size=0be40h ( 48704)
I (boot): DROM	: lma=00020000h vma=3c010000h size=036e4h ( 14052)
I (boot): libc heap size 314 kB.
I (cache): Instruction cache: size 16KB, 8Ways, cache line size 32Byte
I (spi_flash): detected chip: winbond
I (spi_flash): flash io: dio
[m
[1;32muart:~$ [m[8D[J*** Booting Zephyr OS build v4.4.0-15982-ga22a1f470cca ***
[1;32muart:~$ [m[8D[J[1;32muart:~$ [mbase run fingerprint
BASE,1,11018,begin,gt5-shared-01,1,1
BASE,2,11021,caps,1,200,3,0,1
BASE,3,23171,inventory,baseline,0,1
BASE,4,23172,id,baseline,1
BASE,5,23175,phase,interruption
Recovery test: one capture, then abort BEFORE the remaining captures.
BASE,6,23246,start_staged,2,0
Present the same finger; lift it as soon as the sensor accepts it.
BASE,7,34755,capture,0,1,3,0
Lift finger. Next step in 3 seconds.
BASE,8,37760,abort,0
BASE,9,37761,recovery_operation,0
BASE,10,49911,inventory,after_interrupt,0,1
BASE,11,49914,id,after_interrupt,1
BASE,12,49917,interrupted_inventory_equal,1
BASE,13,62068,inventory,recovery_cleanup,0,1
BASE,14,62070,id,recovery_cleanup,1
BASE,15,74221,inventory,restored,0,1
BASE,16,74222,id,restored,1
BASE,17,74225,restoration,recovery_cleanup,0
BASE,18,74229,recovery,0
BASE,19,74232,phase,successful_workflow
Enrollment begins in 5 seconds. Use a finger/face/palm NOT already enrolled.
BASE,20,79304,start_staged,2,0
Present the same finger; lift it as soon as the sensor accepts it.
BASE,21,87486,capture,0,1,3,0
Lift finger. Next step in 3 seconds.
Present the same finger; lift it as soon as the sensor accepts it.
BASE,22,94874,capture,0,2,3,0
Lift finger. Next step in 3 seconds.
Present the same finger; lift it as soon as the sensor accepts it.
BASE,23,101783,capture,0,3,3,0
Lift finger. Next step in 3 seconds.
BASE,24,104850,finalize,0
BASE,25,104851,enrollment,0,2
BASE,26,117001,inventory,after_enrollment,0,2
BASE,27,117003,id,after_enrollment,1
BASE,28,117007,id,after_enrollment,2
Identification begins in 3 seconds. Present the newly enrolled sample.
BASE,29,125445,identify,0,2,1,0
BASE,30,137594,inventory,final_cleanup,0,2
BASE,31,137596,id,final_cleanup,1
BASE,32,137599,id,final_cleanup,2
BASE,33,137795,delete_new,2,0
BASE,34,149943,inventory,restored,0,1
BASE,35,149945,id,restored,1
BASE,36,149948,restoration,final_cleanup,0
BASE,37,149952,end,PASS,0
[1;32muart:~$ [m